Generated hash for password123: $2b$12$wdE...
Users created.
Using Project ID: 1
Roles assigned.
VERIFY DB: Dev Role for PID 1 UID 90 is 'DEVELOPER'
Generated hash for password123: $2b$12$jj1...
Users created.
Using Project ID: 1
Roles assigned.
VERIFY DB: Dev Role for PID 1 UID 95 is 'DEVELOPER'
Running Security Matrix Tests...

[TEST] Create Issue
Error: 'charmap' codec can't encode character '\u274c' in position 0: character maps to <undefined>
